Test A009 Required
States 1
0:rcx=-1;
Ok
Witnesses
Positive: 1 Negative: 0
Condition forall (0:rcx=-1)
Observation A009 Always 1 0
Hash=7ca3c35015d75a877ccf509d75062e79

