11
Test catch-exec-twice Required
States 1

Ok
Witnesses
Positive: 1 Negative: 0
Condition forall (true)
Observation catch-exec-twice Always 1 0
Hash=e5e5f2e8fbcbcde40b4e2732928a5050

