Test collections-01 Allowed
States 4
0:T1.0.a=0; 0:T1.0.b=0;
0:T1.0.a=0; 0:T1.0.b=1;
0:T1.0.a=1; 0:T1.0.b=0;
0:T1.0.a=1; 0:T1.0.b=1;
Ok
Witnesses
Positive: 1 Negative: 3
Condition exists (0:T1.0.a=1 /\ 0:T1.0.b=0)
Observation collections-01 Sometimes 1 3
Hash=4406602ca1742f126d5fc2909064a894

