Test for-toofar Required
States 3
0:T0.0.s=0;
0:T0.0.s=1;
0:T0.0.s=3;
Loop Ok
Witnesses
Positive: 3 Negative: 0
Condition forall (true)
Observation for-toofar Always 3 0
Hash=5c768db5ce592033345db4e0f14fb519

