Test frozen-tuple-arg Required
States 1
0:main.0.c=16;
Ok
Witnesses
Positive: 1 Negative: 0
Condition forall (0:main.0.c=16)
Observation frozen-tuple-arg Always 1 0
Hash=314ab2eb500b73c9650161d3b0761e77

