Test non-deterministic Required
States 1
0:main.0.z=2;
Ok
Witnesses
Positive: 1 Negative: 0
Condition forall (true)
Observation non-deterministic Always 1 0
Hash=56aa083c71a7e0a71f0ea14c7e5eedcc

