Test non-deterministic Required
States 2
0:main.0.z=1;
0:main.0.z=2;
Ok
Witnesses
Positive: 2 Negative: 0
Condition forall (true)
Observation non-deterministic Always 2 0
Hash=bea0b8b29f32528f3725d4f2265f7e01

