Test repeat-toofar Required
States 3
0:T0.0.s=0;
0:T0.0.s=1;
0:T0.0.s=3;
Loop Ok
Witnesses
Positive: 3 Negative: 0
Condition forall (true)
Observation repeat-toofar Always 3 0
Hash=c8576b9bfe7ba764bc40326775f1f5f2

