Test return-tuple Required
States 1
0:main.0.c=3;
Ok
Witnesses
Positive: 1 Negative: 0
Condition forall (0:main.0.c=3)
Observation return-tuple Always 1 0
Hash=488886de3c7dc8b70f1f84a8218939a5

