Test throw-assign Required
States 1
0:z=2;
Ok
Witnesses
Positive: 1 Negative: 0
Condition forall (0:z=2)
Observation throw-assign Always 1 0
Hash=7eb3a89daaa3105f0cd69038adf7965e

