Test try-non-deterministic Required
States 2
0:main.0.x=1;
0:main.0.x=3;
Ok
Witnesses
Positive: 2 Negative: 0
Condition forall (true)
Observation try-non-deterministic Always 2 0
Hash=1e49211c2970acee7a7ef3ffa6db7d6a

