Test while-toofar Required
States 3
0:T0.0.s=0;
0:T0.0.s=1;
0:T0.0.s=3;
Loop Ok
Witnesses
Positive: 3 Negative: 0
Condition forall (true)
Observation while-toofar Always 3 0
Hash=1944371e3881e1faa3cd7e5e76ebbede

