Test YL-01 Required
States 1
0:main.0.res=1;
Ok
Witnesses
Positive: 1 Negative: 0
Condition forall (0:main.0.res=1)
Observation YL-01 Always 1 0
Hash=e9033c7f344ddfc450c07d782801499f

