FAIL - aslref false | bnfc true: asllib/tests/regressions.t/lhs-tuple-fields-same-field.asl
FAIL - aslref false | bnfc true: asllib/tests/regressions.t/lhs-tuple-same-var.asl
FAIL - aslref false | bnfc true: asllib/tests/regressions.t/same-precedence.asl
FAIL - aslref false | bnfc true: asllib/tests/regressions.t/same-precedence2.asl
